{"ts": "2026-09-01T12:00:00.000Z", "service": "payment-gateway", "level": "WARN", "error_code": "CIRCUIT_OPEN", "latency_ms": 3950, "retries": 3, "request_id": "req-20260000", "host": "pgw-3.prod.internal"}
{"ts": "2026-09-01T11:49:00.000Z", "service": "payment-gateway", "level": "ERROR", "error_code": "CIRCUIT_OPEN", "latency_ms": 944, "retries": 0, "request_id": "req-20260001", "host": "pgw-5.prod.internal"}
{"ts": "2026-09-01T11:38:00.000Z", "service": "payment-gateway", "level": "WARN", "error_code": "CIRCUIT_OPEN", "latency_ms": 4242, "retries": 2, "request_id": "req-20260002", "host": "pgw-35.prod.internal"}
{"ts": "2026-09-01T11:27:00.000Z", "service": "payment-gateway", "level": "ERROR", "error_code": "CIRCUIT_OPEN", "latency_ms": 1849, "retries": 1, "request_id": "req-20260003", "host": "pgw-20.prod.internal"}
{"ts": "2026-09-01T11:16:00.000Z", "service": "payment-gateway", "level": "CRITICAL", "error_code": "RETRY_EXHAUSTED", "latency_ms": 1750, "retries": 1, "request_id": "req-20260004", "host": "pgw-13.prod.internal"}
{"ts": "2026-09-01T11:05:00.000Z", "service": "payment-gateway", "level": "WARN", "error_code": "RETRY_EXHAUSTED", "latency_ms": 2376, "retries": 1, "request_id": "req-20260005", "host": "pgw-29.prod.internal"}
{"ts": "2026-09-01T10:54:00.000Z", "service": "payment-gateway", "level": "CRITICAL", "error_code": "CIRCUIT_OPEN", "latency_ms": 559, "retries": 1, "request_id": "req-20260006", "host": "pgw-35.prod.internal"}
{"ts": "2026-09-01T10:43:00.000Z", "service": "payment-gateway", "level": "CRITICAL", "error_code": "CIRCUIT_OPEN", "latency_ms": 3648, "retries": 1, "request_id": "req-20260007", "host": "pgw-35.prod.internal"}
{"ts": "2026-09-01T10:32:00.000Z", "service": "payment-gateway", "level": "WARN", "error_code": "CIRCUIT_OPEN", "latency_ms": 2752, "retries": 2, "request_id": "req-20260008", "host": "pgw-29.prod.internal"}
{"ts": "2026-09-01T10:21:00.000Z", "service": "payment-gateway", "level": "CRITICAL", "error_code": "RETRY_EXHAUSTED", "latency_ms": 1787, "retries": 0, "request_id": "req-20260009", "host": "pgw-37.prod.internal"}
{"ts": "2026-09-01T10:10:00.000Z", "service": "payment-gateway", "level": "CRITICAL", "error_code": "CIRCUIT_OPEN", "latency_ms": 2161, "retries": 3, "request_id": "req-20260010", "host": "pgw-33.prod.internal"}
{"ts": "2026-09-01T09:59:00.000Z", "service": "payment-gateway", "level": "ERROR", "error_code": "WEBHOOK_TIMEOUT", "latency_ms": 3170, "retries": 3, "request_id": "req-20260011", "host": "pgw-30.prod.internal"}
{"ts": "2026-09-01T09:48:00.000Z", "service": "payment-gateway", "level": "ERROR", "error_code": "HTTP_502", "latency_ms": 2873, "retries": 2, "request_id": "req-20260012", "host": "pgw-7.prod.internal"}
{"ts": "2026-09-01T09:37:00.000Z", "service": "payment-gateway", "level": "WARN", "error_code": "HTTP_502", "latency_ms": 1776, "retries": 0, "request_id": "req-20260013", "host": "pgw-31.prod.internal"}
{"ts": "2026-09-01T09:26:00.000Z", "service": "payment-gateway", "level": "WARN", "error_code": "HTTP_502", "latency_ms": 1470, "retries": 3, "request_id": "req-20260014", "host": "pgw-38.prod.internal"}
{"ts": "2026-09-01T09:15:00.000Z", "service": "payment-gateway", "level": "CRITICAL", "error_code": "WEBHOOK_TIMEOUT", "latency_ms": 997, "retries": 3, "request_id": "req-20260015", "host": "pgw-26.prod.internal"}
{"ts": "2026-09-01T09:04:00.000Z", "service": "payment-gateway", "level": "WARN", "error_code": "CIRCUIT_OPEN", "latency_ms": 559, "retries": 0, "request_id": "req-20260016", "host": "pgw-22.prod.internal"}
{"ts": "2026-09-01T08:53:00.000Z", "service": "payment-gateway", "level": "ERROR", "error_code": "CIRCUIT_OPEN", "latency_ms": 2795, "retries": 0, "request_id": "req-20260017", "host": "pgw-5.prod.internal"}
{"ts": "2026-09-01T08:42:00.000Z", "service": "payment-gateway", "level": "ERROR", "error_code": "HTTP_502", "latency_ms": 2769, "retries": 1, "request_id": "req-20260018", "host": "pgw-35.prod.internal"}
{"ts": "2026-09-01T08:31:00.000Z", "service": "payment-gateway", "level": "ERROR", "error_code": "CIRCUIT_OPEN", "latency_ms": 690, "retries": 3, "request_id": "req-20260019", "host": "pgw-27.prod.internal"}
{"ts": "2026-09-01T08:20:00.000Z", "service": "payment-gateway", "level": "CRITICAL", "error_code": "HTTP_502", "latency_ms": 1975, "retries": 0, "request_id": "req-20260020", "host": "pgw-6.prod.internal"}
{"ts": "2026-09-01T08:09:00.000Z", "service": "payment-gateway", "level": "WARN", "error_code": "HTTP_502", "latency_ms": 695, "retries": 0, "request_id": "req-20260021", "host": "pgw-17.prod.internal"}
{"ts": "2026-09-01T07:58:00.000Z", "service": "payment-gateway", "level": "ERROR", "error_code": "WEBHOOK_TIMEOUT", "latency_ms": 1538, "retries": 2, "request_id": "req-20260022", "host": "pgw-5.prod.internal"}
{"ts": "2026-09-01T07:47:00.000Z", "service": "payment-gateway", "level": "WARN", "error_code": "RETRY_EXHAUSTED", "latency_ms": 1258, "retries": 3, "request_id": "req-20260023", "host": "pgw-3.prod.internal"}
{"ts": "2026-09-01T07:36:00.000Z", "service": "payment-gateway", "level": "CRITICAL", "error_code": "HTTP_502", "latency_ms": 2607, "retries": 0, "request_id": "req-20260024", "host": "pgw-5.prod.internal"}
{"ts": "2026-09-01T07:25:00.000Z", "service": "payment-gateway", "level": "ERROR", "error_code": "HTTP_502", "latency_ms": 4188, "retries": 3, "request_id": "req-20260025", "host": "pgw-35.prod.internal"}
{"ts": "2026-09-01T07:14:00.000Z", "service": "payment-gateway", "level": "ERROR", "error_code": "RETRY_EXHAUSTED", "latency_ms": 3304, "retries": 0, "request_id": "req-20260026", "host": "pgw-4.prod.internal"}
{"ts": "2026-09-01T07:03:00.000Z", "service": "payment-gateway", "level": "CRITICAL", "error_code": "WEBHOOK_TIMEOUT", "latency_ms": 2420, "retries": 3, "request_id": "req-20260027", "host": "pgw-32.prod.internal"}
{"ts": "2026-09-01T06:52:00.000Z", "service": "payment-gateway", "level": "ERROR", "error_code": "RETRY_EXHAUSTED", "latency_ms": 1249, "retries": 3, "request_id": "req-20260028", "host": "pgw-32.prod.internal"}
{"ts": "2026-09-01T06:41:00.000Z", "service": "payment-gateway", "level": "ERROR", "error_code": "WEBHOOK_TIMEOUT", "latency_ms": 2519, "retries": 1, "request_id": "req-20260029", "host": "pgw-11.prod.internal"}
{"ts": "2026-09-01T06:30:00.000Z", "service": "payment-gateway", "level": "CRITICAL", "error_code": "CIRCUIT_OPEN", "latency_ms": 1449, "retries": 2, "request_id": "req-20260030", "host": "pgw-34.prod.internal"}
{"ts": "2026-09-01T06:19:00.000Z", "service": "payment-gateway", "level": "ERROR", "error_code": "RETRY_EXHAUSTED", "latency_ms": 3243, "retries": 2, "request_id": "req-20260031", "host": "pgw-36.prod.internal"}
{"ts": "2026-09-01T06:08:00.000Z", "service": "payment-gateway", "level": "ERROR", "error_code": "RETRY_EXHAUSTED", "latency_ms": 2379, "retries": 2, "request_id": "req-20260032", "host": "pgw-1.prod.internal"}
{"ts": "2026-09-01T05:57:00.000Z", "service": "payment-gateway", "level": "ERROR", "error_code": "WEBHOOK_TIMEOUT", "latency_ms": 531, "retries": 0, "request_id": "req-20260033", "host": "pgw-16.prod.internal"}
{"ts": "2026-09-01T05:46:00.000Z", "service": "payment-gateway", "level": "CRITICAL", "error_code": "HTTP_502", "latency_ms": 2494, "retries": 1, "request_id": "req-20260034", "host": "pgw-18.prod.internal"}
{"ts": "2026-09-01T05:35:00.000Z", "service": "payment-gateway", "level": "ERROR", "error_code": "HTTP_502", "latency_ms": 1836, "retries": 3, "request_id": "req-20260035", "host": "pgw-15.prod.internal"}
{"ts": "2026-09-01T05:24:00.000Z", "service": "payment-gateway", "level": "WARN", "error_code": "CIRCUIT_OPEN", "latency_ms": 1654, "retries": 2, "request_id": "req-20260036", "host": "pgw-2.prod.internal"}
{"ts": "2026-09-01T05:13:00.000Z", "service": "payment-gateway", "level": "WARN", "error_code": "WEBHOOK_TIMEOUT", "latency_ms": 2976, "retries": 3, "request_id": "req-20260037", "host": "pgw-27.prod.internal"}
{"ts": "2026-09-01T05:02:00.000Z", "service": "payment-gateway", "level": "ERROR", "error_code": "CIRCUIT_OPEN", "latency_ms": 3640, "retries": 2, "request_id": "req-20260038", "host": "pgw-4.prod.internal"}
{"ts": "2026-09-01T04:51:00.000Z", "service": "payment-gateway", "level": "ERROR", "error_code": "RETRY_EXHAUSTED", "latency_ms": 2003, "retries": 0, "request_id": "req-20260039", "host": "pgw-12.prod.internal"}
{"ts": "2026-09-01T04:40:00.000Z", "service": "payment-gateway", "level": "ERROR", "error_code": "RETRY_EXHAUSTED", "latency_ms": 3854, "retries": 2, "request_id": "req-20260040", "host": "pgw-29.prod.internal"}
{"ts": "2026-09-01T04:29:00.000Z", "service": "payment-gateway", "level": "ERROR", "error_code": "RETRY_EXHAUSTED", "latency_ms": 3302, "retries": 0, "request_id": "req-20260041", "host": "pgw-37.prod.internal"}
{"ts": "2026-09-01T04:18:00.000Z", "service": "payment-gateway", "level": "ERROR", "error_code": "RETRY_EXHAUSTED", "latency_ms": 1933, "retries": 2, "request_id": "req-20260042", "host": "pgw-2.prod.internal"}
{"ts": "2026-09-01T04:07:00.000Z", "service": "payment-gateway", "level": "CRITICAL", "error_code": "CIRCUIT_OPEN", "latency_ms": 1812, "retries": 3, "request_id": "req-20260043", "host": "pgw-18.prod.internal"}
{"ts": "2026-09-01T03:56:00.000Z", "service": "payment-gateway", "level": "ERROR", "error_code": "HTTP_502", "latency_ms": 1451, "retries": 1, "request_id": "req-20260044", "host": "pgw-32.prod.internal"}
{"ts": "2026-09-01T03:45:00.000Z", "service": "payment-gateway", "level": "WARN", "error_code": "WEBHOOK_TIMEOUT", "latency_ms": 2019, "retries": 1, "request_id": "req-20260045", "host": "pgw-4.prod.internal"}
{"ts": "2026-09-01T03:34:00.000Z", "service": "payment-gateway", "level": "CRITICAL", "error_code": "WEBHOOK_TIMEOUT", "latency_ms": 3534, "retries": 1, "request_id": "req-20260046", "host": "pgw-32.prod.internal"}
{"ts": "2026-09-01T03:23:00.000Z", "service": "payment-gateway", "level": "WARN", "error_code": "HTTP_502", "latency_ms": 1060, "retries": 3, "request_id": "req-20260047", "host": "pgw-36.prod.internal"}
{"ts": "2026-09-01T03:12:00.000Z", "service": "payment-gateway", "level": "WARN", "error_code": "CIRCUIT_OPEN", "latency_ms": 2762, "retries": 0, "request_id": "req-20260048", "host": "pgw-39.prod.internal"}
{"ts": "2026-09-01T03:01:00.000Z", "service": "payment-gateway", "level": "CRITICAL", "error_code": "RETRY_EXHAUSTED", "latency_ms": 2303, "retries": 3, "request_id": "req-20260049", "host": "pgw-35.prod.internal"}
{"ts": "2026-09-01T02:50:00.000Z", "service": "payment-gateway", "level": "WARN", "error_code": "RETRY_EXHAUSTED", "latency_ms": 629, "retries": 2, "request_id": "req-20260050", "host": "pgw-2.prod.internal"}
{"ts": "2026-09-01T02:39:00.000Z", "service": "payment-gateway", "level": "CRITICAL", "error_code": "CIRCUIT_OPEN", "latency_ms": 3865, "retries": 3, "request_id": "req-20260051", "host": "pgw-13.prod.internal"}
{"ts": "2026-09-01T02:28:00.000Z", "service": "payment-gateway", "level": "CRITICAL", "error_code": "WEBHOOK_TIMEOUT", "latency_ms": 1062, "retries": 2, "request_id": "req-20260052", "host": "pgw-30.prod.internal"}
{"ts": "2026-09-01T02:17:00.000Z", "service": "payment-gateway", "level": "WARN", "error_code": "RETRY_EXHAUSTED", "latency_ms": 2306, "retries": 3, "request_id": "req-20260053", "host": "pgw-6.prod.internal"}
{"ts": "2026-09-01T02:06:00.000Z", "service": "payment-gateway", "level": "CRITICAL", "error_code": "RETRY_EXHAUSTED", "latency_ms": 2655, "retries": 2, "request_id": "req-20260054", "host": "pgw-30.prod.internal"}
{"ts": "2026-09-01T01:55:00.000Z", "service": "payment-gateway", "level": "CRITICAL", "error_code": "WEBHOOK_TIMEOUT", "latency_ms": 2885, "retries": 3, "request_id": "req-20260055", "host": "pgw-28.prod.internal"}
{"ts": "2026-09-01T01:44:00.000Z", "service": "payment-gateway", "level": "WARN", "error_code": "CIRCUIT_OPEN", "latency_ms": 4397, "retries": 1, "request_id": "req-20260056", "host": "pgw-29.prod.internal"}
{"ts": "2026-09-01T01:33:00.000Z", "service": "payment-gateway", "level": "CRITICAL", "error_code": "WEBHOOK_TIMEOUT", "latency_ms": 3546, "retries": 2, "request_id": "req-20260057", "host": "pgw-11.prod.internal"}
{"ts": "2026-09-01T01:22:00.000Z", "service": "payment-gateway", "level": "WARN", "error_code": "CIRCUIT_OPEN", "latency_ms": 4593, "retries": 1, "request_id": "req-20260058", "host": "pgw-30.prod.internal"}
{"ts": "2026-09-01T01:11:00.000Z", "service": "payment-gateway", "level": "ERROR", "error_code": "RETRY_EXHAUSTED", "latency_ms": 3863, "retries": 0, "request_id": "req-20260059", "host": "pgw-10.prod.internal"}
{"ts": "2026-09-01T01:00:00.000Z", "service": "payment-gateway", "level": "WARN", "error_code": "RETRY_EXHAUSTED", "latency_ms": 1673, "retries": 0, "request_id": "req-20260060", "host": "pgw-35.prod.internal"}
{"ts": "2026-09-01T00:49:00.000Z", "service": "payment-gateway", "level": "CRITICAL", "error_code": "HTTP_502", "latency_ms": 2481, "retries": 1, "request_id": "req-20260061", "host": "pgw-10.prod.internal"}
{"ts": "2026-09-01T00:38:00.000Z", "service": "payment-gateway", "level": "ERROR", "error_code": "WEBHOOK_TIMEOUT", "latency_ms": 2508, "retries": 1, "request_id": "req-20260062", "host": "pgw-19.prod.internal"}
{"ts": "2026-09-01T00:27:00.000Z", "service": "payment-gateway", "level": "CRITICAL", "error_code": "CIRCUIT_OPEN", "latency_ms": 3610, "retries": 0, "request_id": "req-20260063", "host": "pgw-27.prod.internal"}
{"ts": "2026-09-01T00:16:00.000Z", "service": "payment-gateway", "level": "WARN", "error_code": "HTTP_502", "latency_ms": 4343, "retries": 2, "request_id": "req-20260064", "host": "pgw-24.prod.internal"}
{"ts": "2026-09-01T00:05:00.000Z", "service": "payment-gateway", "level": "ERROR", "error_code": "HTTP_502", "latency_ms": 2458, "retries": 3, "request_id": "req-20260065", "host": "pgw-38.prod.internal"}
{"ts": "2026-08-31T23:54:00.000Z", "service": "payment-gateway", "level": "ERROR", "error_code": "RETRY_EXHAUSTED", "latency_ms": 4211, "retries": 2, "request_id": "req-20260066", "host": "pgw-2.prod.internal"}
{"ts": "2026-08-31T23:43:00.000Z", "service": "payment-gateway", "level": "CRITICAL", "error_code": "CIRCUIT_OPEN", "latency_ms": 3197, "retries": 1, "request_id": "req-20260067", "host": "pgw-36.prod.internal"}
{"ts": "2026-08-31T23:32:00.000Z", "service": "payment-gateway", "level": "ERROR", "error_code": "HTTP_502", "latency_ms": 1413, "retries": 2, "request_id": "req-20260068", "host": "pgw-16.prod.internal"}
{"ts": "2026-08-31T23:21:00.000Z", "service": "payment-gateway", "level": "CRITICAL", "error_code": "RETRY_EXHAUSTED", "latency_ms": 844, "retries": 0, "request_id": "req-20260069", "host": "pgw-26.prod.internal"}
{"ts": "2026-08-31T23:10:00.000Z", "service": "payment-gateway", "level": "ERROR", "error_code": "HTTP_502", "latency_ms": 2867, "retries": 0, "request_id": "req-20260070", "host": "pgw-27.prod.internal"}
{"ts": "2026-08-31T22:59:00.000Z", "service": "payment-gateway", "level": "ERROR", "error_code": "HTTP_502", "latency_ms": 4118, "retries": 1, "request_id": "req-20260071", "host": "pgw-12.prod.internal"}
{"ts": "2026-08-31T22:48:00.000Z", "service": "payment-gateway", "level": "ERROR", "error_code": "HTTP_502", "latency_ms": 1850, "retries": 2, "request_id": "req-20260072", "host": "pgw-28.prod.internal"}
{"ts": "2026-08-31T22:37:00.000Z", "service": "payment-gateway", "level": "CRITICAL", "error_code": "RETRY_EXHAUSTED", "latency_ms": 4050, "retries": 3, "request_id": "req-20260073", "host": "pgw-30.prod.internal"}
{"ts": "2026-08-31T22:26:00.000Z", "service": "payment-gateway", "level": "WARN", "error_code": "CIRCUIT_OPEN", "latency_ms": 4265, "retries": 3, "request_id": "req-20260074", "host": "pgw-27.prod.internal"}
{"ts": "2026-08-31T22:15:00.000Z", "service": "payment-gateway", "level": "WARN", "error_code": "HTTP_502", "latency_ms": 2588, "retries": 2, "request_id": "req-20260075", "host": "pgw-13.prod.internal"}
{"ts": "2026-08-31T22:04:00.000Z", "service": "payment-gateway", "level": "CRITICAL", "error_code": "HTTP_502", "latency_ms": 861, "retries": 1, "request_id": "req-20260076", "host": "pgw-33.prod.internal"}
{"ts": "2026-08-31T21:53:00.000Z", "service": "payment-gateway", "level": "CRITICAL", "error_code": "HTTP_502", "latency_ms": 739, "retries": 1, "request_id": "req-20260077", "host": "pgw-22.prod.internal"}
{"ts": "2026-08-31T21:42:00.000Z", "service": "payment-gateway", "level": "CRITICAL", "error_code": "CIRCUIT_OPEN", "latency_ms": 4517, "retries": 2, "request_id": "req-20260078", "host": "pgw-16.prod.internal"}
{"ts": "2026-08-31T21:31:00.000Z", "service": "payment-gateway", "level": "CRITICAL", "error_code": "RETRY_EXHAUSTED", "latency_ms": 2029, "retries": 1, "request_id": "req-20260079", "host": "pgw-0.prod.internal"}
{"ts": "2026-08-31T21:20:00.000Z", "service": "payment-gateway", "level": "CRITICAL", "error_code": "CIRCUIT_OPEN", "latency_ms": 1717, "retries": 2, "request_id": "req-20260080", "host": "pgw-4.prod.internal"}
{"ts": "2026-08-31T21:09:00.000Z", "service": "payment-gateway", "level": "ERROR", "error_code": "RETRY_EXHAUSTED", "latency_ms": 1269, "retries": 1, "request_id": "req-20260081", "host": "pgw-39.prod.internal"}
{"ts": "2026-08-31T20:58:00.000Z", "service": "payment-gateway", "level": "ERROR", "error_code": "RETRY_EXHAUSTED", "latency_ms": 1495, "retries": 1, "request_id": "req-20260082", "host": "pgw-2.prod.internal"}
{"ts": "2026-08-31T20:47:00.000Z", "service": "payment-gateway", "level": "ERROR", "error_code": "CIRCUIT_OPEN", "latency_ms": 2058, "retries": 1, "request_id": "req-20260083", "host": "pgw-23.prod.internal"}
{"ts": "2026-08-31T20:36:00.000Z", "service": "payment-gateway", "level": "ERROR", "error_code": "RETRY_EXHAUSTED", "latency_ms": 3093, "retries": 1, "request_id": "req-20260084", "host": "pgw-22.prod.internal"}
{"ts": "2026-08-31T20:25:00.000Z", "service": "payment-gateway", "level": "CRITICAL", "error_code": "CIRCUIT_OPEN", "latency_ms": 2743, "retries": 3, "request_id": "req-20260085", "host": "pgw-35.prod.internal"}
{"ts": "2026-08-31T20:14:00.000Z", "service": "payment-gateway", "level": "CRITICAL", "error_code": "HTTP_502", "latency_ms": 2724, "retries": 2, "request_id": "req-20260086", "host": "pgw-22.prod.internal"}
{"ts": "2026-08-31T20:03:00.000Z", "service": "payment-gateway", "level": "CRITICAL", "error_code": "HTTP_502", "latency_ms": 3506, "retries": 0, "request_id": "req-20260087", "host": "pgw-16.prod.internal"}
{"ts": "2026-08-31T19:52:00.000Z", "service": "payment-gateway", "level": "ERROR", "error_code": "WEBHOOK_TIMEOUT", "latency_ms": 1859, "retries": 1, "request_id": "req-20260088", "host": "pgw-2.prod.internal"}
{"ts": "2026-08-31T19:41:00.000Z", "service": "payment-gateway", "level": "CRITICAL", "error_code": "RETRY_EXHAUSTED", "latency_ms": 2032, "retries": 3, "request_id": "req-20260089", "host": "pgw-39.prod.internal"}
{"ts": "2026-08-31T19:30:00.000Z", "service": "payment-gateway", "level": "ERROR", "error_code": "CIRCUIT_OPEN", "latency_ms": 3817, "retries": 2, "request_id": "req-20260090", "host": "pgw-16.prod.internal"}
{"ts": "2026-08-31T19:19:00.000Z", "service": "payment-gateway", "level": "ERROR", "error_code": "RETRY_EXHAUSTED", "latency_ms": 418, "retries": 0, "request_id": "req-20260091", "host": "pgw-19.prod.internal"}
{"ts": "2026-08-31T19:08:00.000Z", "service": "payment-gateway", "level": "WARN", "error_code": "WEBHOOK_TIMEOUT", "latency_ms": 864, "retries": 1, "request_id": "req-20260092", "host": "pgw-38.prod.internal"}
{"ts": "2026-08-31T18:57:00.000Z", "service": "payment-gateway", "level": "CRITICAL", "error_code": "WEBHOOK_TIMEOUT", "latency_ms": 2796, "retries": 2, "request_id": "req-20260093", "host": "pgw-17.prod.internal"}
{"ts": "2026-08-31T18:46:00.000Z", "service": "payment-gateway", "level": "WARN", "error_code": "WEBHOOK_TIMEOUT", "latency_ms": 3914, "retries": 1, "request_id": "req-20260094", "host": "pgw-13.prod.internal"}
{"ts": "2026-08-31T18:35:00.000Z", "service": "payment-gateway", "level": "WARN", "error_code": "WEBHOOK_TIMEOUT", "latency_ms": 2164, "retries": 0, "request_id": "req-20260095", "host": "pgw-7.prod.internal"}
{"ts": "2026-08-31T18:24:00.000Z", "service": "payment-gateway", "level": "WARN", "error_code": "RETRY_EXHAUSTED", "latency_ms": 1862, "retries": 1, "request_id": "req-20260096", "host": "pgw-25.prod.internal"}
{"ts": "2026-08-31T18:13:00.000Z", "service": "payment-gateway", "level": "WARN", "error_code": "HTTP_502", "latency_ms": 2310, "retries": 1, "request_id": "req-20260097", "host": "pgw-29.prod.internal"}
{"ts": "2026-08-31T18:02:00.000Z", "service": "payment-gateway", "level": "ERROR", "error_code": "CIRCUIT_OPEN", "latency_ms": 3761, "retries": 0, "request_id": "req-20260098", "host": "pgw-11.prod.internal"}
{"ts": "2026-08-31T17:51:00.000Z", "service": "payment-gateway", "level": "ERROR", "error_code": "WEBHOOK_TIMEOUT", "latency_ms": 1311, "retries": 2, "request_id": "req-20260099", "host": "pgw-18.prod.internal"}
{"ts": "2026-08-31T17:40:00.000Z", "service": "payment-gateway", "level": "ERROR", "error_code": "RETRY_EXHAUSTED", "latency_ms": 3560, "retries": 1, "request_id": "req-20260100", "host": "pgw-20.prod.internal"}
{"ts": "2026-08-31T17:29:00.000Z", "service": "payment-gateway", "level": "CRITICAL", "error_code": "HTTP_502", "latency_ms": 1679, "retries": 2, "request_id": "req-20260101", "host": "pgw-15.prod.internal"}
{"ts": "2026-08-31T17:18:00.000Z", "service": "payment-gateway", "level": "CRITICAL", "error_code": "CIRCUIT_OPEN", "latency_ms": 934, "retries": 2, "request_id": "req-20260102", "host": "pgw-31.prod.internal"}
{"ts": "2026-08-31T17:07:00.000Z", "service": "payment-gateway", "level": "WARN", "error_code": "WEBHOOK_TIMEOUT", "latency_ms": 886, "retries": 2, "request_id": "req-20260103", "host": "pgw-30.prod.internal"}
{"ts": "2026-08-31T16:56:00.000Z", "service": "payment-gateway", "level": "ERROR", "error_code": "RETRY_EXHAUSTED", "latency_ms": 3906, "retries": 2, "request_id": "req-20260104", "host": "pgw-27.prod.internal"}
{"ts": "2026-08-31T16:45:00.000Z", "service": "payment-gateway", "level": "WARN", "error_code": "CIRCUIT_OPEN", "latency_ms": 2523, "retries": 3, "request_id": "req-20260105", "host": "pgw-38.prod.internal"}
{"ts": "2026-08-31T16:34:00.000Z", "service": "payment-gateway", "level": "CRITICAL", "error_code": "WEBHOOK_TIMEOUT", "latency_ms": 2761, "retries": 0, "request_id": "req-20260106", "host": "pgw-25.prod.internal"}
{"ts": "2026-08-31T16:23:00.000Z", "service": "payment-gateway", "level": "CRITICAL", "error_code": "WEBHOOK_TIMEOUT", "latency_ms": 3382, "retries": 0, "request_id": "req-20260107", "host": "pgw-37.prod.internal"}
{"ts": "2026-08-31T16:12:00.000Z", "service": "payment-gateway", "level": "CRITICAL", "error_code": "WEBHOOK_TIMEOUT", "latency_ms": 2359, "retries": 3, "request_id": "req-20260108", "host": "pgw-1.prod.internal"}
{"ts": "2026-08-31T16:01:00.000Z", "service": "payment-gateway", "level": "ERROR", "error_code": "HTTP_502", "latency_ms": 2180, "retries": 1, "request_id": "req-20260109", "host": "pgw-15.prod.internal"}
{"ts": "2026-08-31T15:50:00.000Z", "service": "payment-gateway", "level": "CRITICAL", "error_code": "CIRCUIT_OPEN", "latency_ms": 2416, "retries": 2, "request_id": "req-20260110", "host": "pgw-26.prod.internal"}
{"ts": "2026-08-31T15:39:00.000Z", "service": "payment-gateway", "level": "ERROR", "error_code": "HTTP_502", "latency_ms": 4396, "retries": 1, "request_id": "req-20260111", "host": "pgw-20.prod.internal"}
{"ts": "2026-08-31T15:28:00.000Z", "service": "payment-gateway", "level": "WARN", "error_code": "WEBHOOK_TIMEOUT", "latency_ms": 1208, "retries": 3, "request_id": "req-20260112", "host": "pgw-19.prod.internal"}
{"ts": "2026-08-31T15:17:00.000Z", "service": "payment-gateway", "level": "ERROR", "error_code": "RETRY_EXHAUSTED", "latency_ms": 3204, "retries": 2, "request_id": "req-20260113", "host": "pgw-39.prod.internal"}
{"ts": "2026-08-31T15:06:00.000Z", "service": "payment-gateway", "level": "ERROR", "error_code": "RETRY_EXHAUSTED", "latency_ms": 2460, "retries": 0, "request_id": "req-20260114", "host": "pgw-25.prod.internal"}
{"ts": "2026-08-31T14:55:00.000Z", "service": "payment-gateway", "level": "ERROR", "error_code": "WEBHOOK_TIMEOUT", "latency_ms": 3172, "retries": 0, "request_id": "req-20260115", "host": "pgw-10.prod.internal"}
{"ts": "2026-08-31T14:44:00.000Z", "service": "payment-gateway", "level": "WARN", "error_code": "RETRY_EXHAUSTED", "latency_ms": 3950, "retries": 1, "request_id": "req-20260116", "host": "pgw-27.prod.internal"}
{"ts": "2026-08-31T14:33:00.000Z", "service": "payment-gateway", "level": "WARN", "error_code": "HTTP_502", "latency_ms": 3887, "retries": 2, "request_id": "req-20260117", "host": "pgw-13.prod.internal"}
{"ts": "2026-08-31T14:22:00.000Z", "service": "payment-gateway", "level": "CRITICAL", "error_code": "RETRY_EXHAUSTED", "latency_ms": 628, "retries": 1, "request_id": "req-20260118", "host": "pgw-18.prod.internal"}
{"ts": "2026-08-31T14:11:00.000Z", "service": "payment-gateway", "level": "ERROR", "error_code": "HTTP_502", "latency_ms": 3716, "retries": 0, "request_id": "req-20260119", "host": "pgw-34.prod.internal"}
{"ts": "2026-08-31T14:00:00.000Z", "service": "payment-gateway", "level": "WARN", "error_code": "CIRCUIT_OPEN", "latency_ms": 1037, "retries": 3, "request_id": "req-20260120", "host": "pgw-24.prod.internal"}
{"ts": "2026-08-31T13:49:00.000Z", "service": "payment-gateway", "level": "CRITICAL", "error_code": "WEBHOOK_TIMEOUT", "latency_ms": 2502, "retries": 0, "request_id": "req-20260121", "host": "pgw-28.prod.internal"}
{"ts": "2026-08-31T13:38:00.000Z", "service": "payment-gateway", "level": "CRITICAL", "error_code": "RETRY_EXHAUSTED", "latency_ms": 2532, "retries": 3, "request_id": "req-20260122", "host": "pgw-36.prod.internal"}
{"ts": "2026-08-31T13:27:00.000Z", "service": "payment-gateway", "level": "CRITICAL", "error_code": "WEBHOOK_TIMEOUT", "latency_ms": 1777, "retries": 1, "request_id": "req-20260123", "host": "pgw-18.prod.internal"}
{"ts": "2026-08-31T13:16:00.000Z", "service": "payment-gateway", "level": "WARN", "error_code": "HTTP_502", "latency_ms": 1526, "retries": 0, "request_id": "req-20260124", "host": "pgw-15.prod.internal"}
{"ts": "2026-08-31T13:05:00.000Z", "service": "payment-gateway", "level": "ERROR", "error_code": "HTTP_502", "latency_ms": 3999, "retries": 1, "request_id": "req-20260125", "host": "pgw-33.prod.internal"}
{"ts": "2026-08-31T12:54:00.000Z", "service": "payment-gateway", "level": "ERROR", "error_code": "RETRY_EXHAUSTED", "latency_ms": 4426, "retries": 2, "request_id": "req-20260126", "host": "pgw-32.prod.internal"}
{"ts": "2026-08-31T12:43:00.000Z", "service": "payment-gateway", "level": "WARN", "error_code": "WEBHOOK_TIMEOUT", "latency_ms": 3926, "retries": 2, "request_id": "req-20260127", "host": "pgw-26.prod.internal"}
{"ts": "2026-08-31T12:32:00.000Z", "service": "payment-gateway", "level": "CRITICAL", "error_code": "WEBHOOK_TIMEOUT", "latency_ms": 4135, "retries": 3, "request_id": "req-20260128", "host": "pgw-22.prod.internal"}
{"ts": "2026-08-31T12:21:00.000Z", "service": "payment-gateway", "level": "CRITICAL", "error_code": "CIRCUIT_OPEN", "latency_ms": 2837, "retries": 1, "request_id": "req-20260129", "host": "pgw-26.prod.internal"}
{"ts": "2026-08-31T12:10:00.000Z", "service": "payment-gateway", "level": "CRITICAL", "error_code": "CIRCUIT_OPEN", "latency_ms": 3509, "retries": 1, "request_id": "req-20260130", "host": "pgw-19.prod.internal"}
{"ts": "2026-08-31T11:59:00.000Z", "service": "payment-gateway", "level": "WARN", "error_code": "HTTP_502", "latency_ms": 722, "retries": 3, "request_id": "req-20260131", "host": "pgw-36.prod.internal"}
{"ts": "2026-08-31T11:48:00.000Z", "service": "payment-gateway", "level": "CRITICAL", "error_code": "HTTP_502", "latency_ms": 1841, "retries": 1, "request_id": "req-20260132", "host": "pgw-31.prod.internal"}
{"ts": "2026-08-31T11:37:00.000Z", "service": "payment-gateway", "level": "ERROR", "error_code": "WEBHOOK_TIMEOUT", "latency_ms": 3329, "retries": 2, "request_id": "req-20260133", "host": "pgw-28.prod.internal"}
{"ts": "2026-08-31T11:26:00.000Z", "service": "payment-gateway", "level": "CRITICAL", "error_code": "HTTP_502", "latency_ms": 2565, "retries": 0, "request_id": "req-20260134", "host": "pgw-8.prod.internal"}
{"ts": "2026-08-31T11:15:00.000Z", "service": "payment-gateway", "level": "CRITICAL", "error_code": "CIRCUIT_OPEN", "latency_ms": 4428, "retries": 3, "request_id": "req-20260135", "host": "pgw-30.prod.internal"}
{"ts": "2026-08-31T11:04:00.000Z", "service": "payment-gateway", "level": "WARN", "error_code": "WEBHOOK_TIMEOUT", "latency_ms": 4279, "retries": 2, "request_id": "req-20260136", "host": "pgw-11.prod.internal"}
{"ts": "2026-08-31T10:53:00.000Z", "service": "payment-gateway", "level": "ERROR", "error_code": "HTTP_502", "latency_ms": 528, "retries": 1, "request_id": "req-20260137", "host": "pgw-22.prod.internal"}
{"ts": "2026-08-31T10:42:00.000Z", "service": "payment-gateway", "level": "WARN", "error_code": "RETRY_EXHAUSTED", "latency_ms": 2121, "retries": 2, "request_id": "req-20260138", "host": "pgw-19.prod.internal"}
{"ts": "2026-08-31T10:31:00.000Z", "service": "payment-gateway", "level": "ERROR", "error_code": "HTTP_502", "latency_ms": 970, "retries": 2, "request_id": "req-20260139", "host": "pgw-1.prod.internal"}
{"ts": "2026-08-31T10:20:00.000Z", "service": "payment-gateway", "level": "ERROR", "error_code": "RETRY_EXHAUSTED", "latency_ms": 2712, "retries": 2, "request_id": "req-20260140", "host": "pgw-37.prod.internal"}
{"ts": "2026-08-31T10:09:00.000Z", "service": "payment-gateway", "level": "ERROR", "error_code": "WEBHOOK_TIMEOUT", "latency_ms": 3585, "retries": 2, "request_id": "req-20260141", "host": "pgw-17.prod.internal"}
{"ts": "2026-08-31T09:58:00.000Z", "service": "payment-gateway", "level": "WARN", "error_code": "HTTP_502", "latency_ms": 4509, "retries": 1, "request_id": "req-20260142", "host": "pgw-37.prod.internal"}
{"ts": "2026-08-31T09:47:00.000Z", "service": "payment-gateway", "level": "ERROR", "error_code": "HTTP_502", "latency_ms": 1338, "retries": 3, "request_id": "req-20260143", "host": "pgw-20.prod.internal"}
{"ts": "2026-08-31T09:36:00.000Z", "service": "payment-gateway", "level": "WARN", "error_code": "CIRCUIT_OPEN", "latency_ms": 2166, "retries": 0, "request_id": "req-20260144", "host": "pgw-25.prod.internal"}
{"ts": "2026-08-31T09:25:00.000Z", "service": "payment-gateway", "level": "CRITICAL", "error_code": "WEBHOOK_TIMEOUT", "latency_ms": 1859, "retries": 2, "request_id": "req-20260145", "host": "pgw-13.prod.internal"}
{"ts": "2026-08-31T09:14:00.000Z", "service": "payment-gateway", "level": "WARN", "error_code": "RETRY_EXHAUSTED", "latency_ms": 2873, "retries": 1, "request_id": "req-20260146", "host": "pgw-1.prod.internal"}
{"ts": "2026-08-31T09:03:00.000Z", "service": "payment-gateway", "level": "WARN", "error_code": "HTTP_502", "latency_ms": 3838, "retries": 0, "request_id": "req-20260147", "host": "pgw-9.prod.internal"}
{"ts": "2026-08-31T08:52:00.000Z", "service": "payment-gateway", "level": "WARN", "error_code": "CIRCUIT_OPEN", "latency_ms": 3448, "retries": 0, "request_id": "req-20260148", "host": "pgw-37.prod.internal"}
{"ts": "2026-08-31T08:41:00.000Z", "service": "payment-gateway", "level": "WARN", "error_code": "CIRCUIT_OPEN", "latency_ms": 4548, "retries": 3, "request_id": "req-20260149", "host": "pgw-26.prod.internal"}
{"ts": "2026-08-31T08:30:00.000Z", "service": "payment-gateway", "level": "WARN", "error_code": "RETRY_EXHAUSTED", "latency_ms": 3418, "retries": 0, "request_id": "req-20260150", "host": "pgw-14.prod.internal"}
{"ts": "2026-08-31T08:19:00.000Z", "service": "payment-gateway", "level": "CRITICAL", "error_code": "HTTP_502", "latency_ms": 2641, "retries": 0, "request_id": "req-20260151", "host": "pgw-6.prod.internal"}
{"ts": "2026-08-31T08:08:00.000Z", "service": "payment-gateway", "level": "ERROR", "error_code": "WEBHOOK_TIMEOUT", "latency_ms": 973, "retries": 2, "request_id": "req-20260152", "host": "pgw-7.prod.internal"}
{"ts": "2026-08-31T07:57:00.000Z", "service": "payment-gateway", "level": "WARN", "error_code": "RETRY_EXHAUSTED", "latency_ms": 1728, "retries": 3, "request_id": "req-20260153", "host": "pgw-31.prod.internal"}
{"ts": "2026-08-31T07:46:00.000Z", "service": "payment-gateway", "level": "ERROR", "error_code": "WEBHOOK_TIMEOUT", "latency_ms": 2766, "retries": 2, "request_id": "req-20260154", "host": "pgw-12.prod.internal"}
{"ts": "2026-08-31T07:35:00.000Z", "service": "payment-gateway", "level": "ERROR", "error_code": "CIRCUIT_OPEN", "latency_ms": 2021, "retries": 3, "request_id": "req-20260155", "host": "pgw-24.prod.internal"}
{"ts": "2026-08-31T07:24:00.000Z", "service": "payment-gateway", "level": "WARN", "error_code": "WEBHOOK_TIMEOUT", "latency_ms": 571, "retries": 0, "request_id": "req-20260156", "host": "pgw-23.prod.internal"}
{"ts": "2026-08-31T07:13:00.000Z", "service": "payment-gateway", "level": "ERROR", "error_code": "WEBHOOK_TIMEOUT", "latency_ms": 2293, "retries": 2, "request_id": "req-20260157", "host": "pgw-37.prod.internal"}
{"ts": "2026-08-31T07:02:00.000Z", "service": "payment-gateway", "level": "WARN", "error_code": "HTTP_502", "latency_ms": 2252, "retries": 3, "request_id": "req-20260158", "host": "pgw-9.prod.internal"}
{"ts": "2026-08-31T06:51:00.000Z", "service": "payment-gateway", "level": "WARN", "error_code": "HTTP_502", "latency_ms": 1588, "retries": 3, "request_id": "req-20260159", "host": "pgw-30.prod.internal"}
{"ts": "2026-08-31T06:40:00.000Z", "service": "payment-gateway", "level": "ERROR", "error_code": "WEBHOOK_TIMEOUT", "latency_ms": 2728, "retries": 1, "request_id": "req-20260160", "host": "pgw-8.prod.internal"}
{"ts": "2026-08-31T06:29:00.000Z", "service": "payment-gateway", "level": "CRITICAL", "error_code": "CIRCUIT_OPEN", "latency_ms": 4374, "retries": 1, "request_id": "req-20260161", "host": "pgw-2.prod.internal"}
{"ts": "2026-08-31T06:18:00.000Z", "service": "payment-gateway", "level": "ERROR", "error_code": "RETRY_EXHAUSTED", "latency_ms": 858, "retries": 3, "request_id": "req-20260162", "host": "pgw-14.prod.internal"}
{"ts": "2026-08-31T06:07:00.000Z", "service": "payment-gateway", "level": "ERROR", "error_code": "CIRCUIT_OPEN", "latency_ms": 3149, "retries": 2, "request_id": "req-20260163", "host": "pgw-14.prod.internal"}
{"ts": "2026-08-31T05:56:00.000Z", "service": "payment-gateway", "level": "ERROR", "error_code": "WEBHOOK_TIMEOUT", "latency_ms": 763, "retries": 3, "request_id": "req-20260164", "host": "pgw-26.prod.internal"}
{"ts": "2026-08-31T05:45:00.000Z", "service": "payment-gateway", "level": "ERROR", "error_code": "CIRCUIT_OPEN", "latency_ms": 2924, "retries": 3, "request_id": "req-20260165", "host": "pgw-0.prod.internal"}
{"ts": "2026-08-31T05:34:00.000Z", "service": "payment-gateway", "level": "WARN", "error_code": "RETRY_EXHAUSTED", "latency_ms": 3179, "retries": 1, "request_id": "req-20260166", "host": "pgw-33.prod.internal"}
{"ts": "2026-08-31T05:23:00.000Z", "service": "payment-gateway", "level": "WARN", "error_code": "HTTP_502", "latency_ms": 3010, "retries": 2, "request_id": "req-20260167", "host": "pgw-23.prod.internal"}
{"ts": "2026-08-31T05:12:00.000Z", "service": "payment-gateway", "level": "CRITICAL", "error_code": "RETRY_EXHAUSTED", "latency_ms": 3593, "retries": 0, "request_id": "req-20260168", "host": "pgw-22.prod.internal"}
{"ts": "2026-08-31T05:01:00.000Z", "service": "payment-gateway", "level": "CRITICAL", "error_code": "HTTP_502", "latency_ms": 3253, "retries": 3, "request_id": "req-20260169", "host": "pgw-15.prod.internal"}
{"ts": "2026-08-31T04:50:00.000Z", "service": "payment-gateway", "level": "WARN", "error_code": "WEBHOOK_TIMEOUT", "latency_ms": 4573, "retries": 1, "request_id": "req-20260170", "host": "pgw-6.prod.internal"}
{"ts": "2026-08-31T04:39:00.000Z", "service": "payment-gateway", "level": "CRITICAL", "error_code": "CIRCUIT_OPEN", "latency_ms": 4164, "retries": 3, "request_id": "req-20260171", "host": "pgw-35.prod.internal"}
{"ts": "2026-08-31T04:28:00.000Z", "service": "payment-gateway", "level": "WARN", "error_code": "WEBHOOK_TIMEOUT", "latency_ms": 3120, "retries": 2, "request_id": "req-20260172", "host": "pgw-32.prod.internal"}
{"ts": "2026-08-31T04:17:00.000Z", "service": "payment-gateway", "level": "WARN", "error_code": "RETRY_EXHAUSTED", "latency_ms": 2641, "retries": 1, "request_id": "req-20260173", "host": "pgw-26.prod.internal"}
{"ts": "2026-08-31T04:06:00.000Z", "service": "payment-gateway", "level": "CRITICAL", "error_code": "RETRY_EXHAUSTED", "latency_ms": 489, "retries": 0, "request_id": "req-20260174", "host": "pgw-7.prod.internal"}
{"ts": "2026-08-31T03:55:00.000Z", "service": "payment-gateway", "level": "ERROR", "error_code": "RETRY_EXHAUSTED", "latency_ms": 3300, "retries": 2, "request_id": "req-20260175", "host": "pgw-8.prod.internal"}
{"ts": "2026-08-31T03:44:00.000Z", "service": "payment-gateway", "level": "CRITICAL", "error_code": "HTTP_502", "latency_ms": 3363, "retries": 0, "request_id": "req-20260176", "host": "pgw-30.prod.internal"}
{"ts": "2026-08-31T03:33:00.000Z", "service": "payment-gateway", "level": "ERROR", "error_code": "RETRY_EXHAUSTED", "latency_ms": 4085, "retries": 1, "request_id": "req-20260177", "host": "pgw-13.prod.internal"}
{"ts": "2026-08-31T03:22:00.000Z", "service": "payment-gateway", "level": "WARN", "error_code": "WEBHOOK_TIMEOUT", "latency_ms": 2713, "retries": 0, "request_id": "req-20260178", "host": "pgw-8.prod.internal"}
{"ts": "2026-08-31T03:11:00.000Z", "service": "payment-gateway", "level": "ERROR", "error_code": "WEBHOOK_TIMEOUT", "latency_ms": 3813, "retries": 2, "request_id": "req-20260179", "host": "pgw-2.prod.internal"}
{"ts": "2026-08-31T03:00:00.000Z", "service": "payment-gateway", "level": "WARN", "error_code": "HTTP_502", "latency_ms": 2105, "retries": 1, "request_id": "req-20260180", "host": "pgw-2.prod.internal"}
{"ts": "2026-08-31T02:49:00.000Z", "service": "payment-gateway", "level": "ERROR", "error_code": "RETRY_EXHAUSTED", "latency_ms": 3605, "retries": 3, "request_id": "req-20260181", "host": "pgw-2.prod.internal"}
{"ts": "2026-08-31T02:38:00.000Z", "service": "payment-gateway", "level": "ERROR", "error_code": "HTTP_502", "latency_ms": 1742, "retries": 1, "request_id": "req-20260182", "host": "pgw-1.prod.internal"}
{"ts": "2026-08-31T02:27:00.000Z", "service": "payment-gateway", "level": "CRITICAL", "error_code": "RETRY_EXHAUSTED", "latency_ms": 1400, "retries": 3, "request_id": "req-20260183", "host": "pgw-8.prod.internal"}
{"ts": "2026-08-31T02:16:00.000Z", "service": "payment-gateway", "level": "ERROR", "error_code": "HTTP_502", "latency_ms": 2239, "retries": 2, "request_id": "req-20260184", "host": "pgw-4.prod.internal"}
{"ts": "2026-08-31T02:05:00.000Z", "service": "payment-gateway", "level": "CRITICAL", "error_code": "RETRY_EXHAUSTED", "latency_ms": 1518, "retries": 2, "request_id": "req-20260185", "host": "pgw-26.prod.internal"}
{"ts": "2026-08-31T01:54:00.000Z", "service": "payment-gateway", "level": "ERROR", "error_code": "HTTP_502", "latency_ms": 1759, "retries": 3, "request_id": "req-20260186", "host": "pgw-18.prod.internal"}
{"ts": "2026-08-31T01:43:00.000Z", "service": "payment-gateway", "level": "ERROR", "error_code": "HTTP_502", "latency_ms": 1583, "retries": 3, "request_id": "req-20260187", "host": "pgw-19.prod.internal"}
{"ts": "2026-08-31T01:32:00.000Z", "service": "payment-gateway", "level": "WARN", "error_code": "CIRCUIT_OPEN", "latency_ms": 797, "retries": 2, "request_id": "req-20260188", "host": "pgw-12.prod.internal"}
{"ts": "2026-08-31T01:21:00.000Z", "service": "payment-gateway", "level": "WARN", "error_code": "CIRCUIT_OPEN", "latency_ms": 3615, "retries": 1, "request_id": "req-20260189", "host": "pgw-28.prod.internal"}
{"ts": "2026-08-31T01:10:00.000Z", "service": "payment-gateway", "level": "WARN", "error_code": "RETRY_EXHAUSTED", "latency_ms": 4529, "retries": 1, "request_id": "req-20260190", "host": "pgw-28.prod.internal"}
{"ts": "2026-08-31T00:59:00.000Z", "service": "payment-gateway", "level": "CRITICAL", "error_code": "WEBHOOK_TIMEOUT", "latency_ms": 3370, "retries": 3, "request_id": "req-20260191", "host": "pgw-14.prod.internal"}
{"ts": "2026-08-31T00:48:00.000Z", "service": "payment-gateway", "level": "ERROR", "error_code": "WEBHOOK_TIMEOUT", "latency_ms": 3839, "retries": 1, "request_id": "req-20260192", "host": "pgw-17.prod.internal"}
{"ts": "2026-08-31T00:37:00.000Z", "service": "payment-gateway", "level": "ERROR", "error_code": "RETRY_EXHAUSTED", "latency_ms": 2682, "retries": 1, "request_id": "req-20260193", "host": "pgw-12.prod.internal"}
{"ts": "2026-08-31T00:26:00.000Z", "service": "payment-gateway", "level": "WARN", "error_code": "CIRCUIT_OPEN", "latency_ms": 3491, "retries": 1, "request_id": "req-20260194", "host": "pgw-1.prod.internal"}
{"ts": "2026-08-31T00:15:00.000Z", "service": "payment-gateway", "level": "WARN", "error_code": "WEBHOOK_TIMEOUT", "latency_ms": 3176, "retries": 3, "request_id": "req-20260195", "host": "pgw-33.prod.internal"}
{"ts": "2026-08-31T00:04:00.000Z", "service": "payment-gateway", "level": "CRITICAL", "error_code": "WEBHOOK_TIMEOUT", "latency_ms": 4476, "retries": 2, "request_id": "req-20260196", "host": "pgw-20.prod.internal"}
{"ts": "2026-08-30T23:53:00.000Z", "service": "payment-gateway", "level": "ERROR", "error_code": "WEBHOOK_TIMEOUT", "latency_ms": 4009, "retries": 0, "request_id": "req-20260197", "host": "pgw-17.prod.internal"}
{"ts": "2026-08-30T23:42:00.000Z", "service": "payment-gateway", "level": "CRITICAL", "error_code": "WEBHOOK_TIMEOUT", "latency_ms": 1145, "retries": 1, "request_id": "req-20260198", "host": "pgw-20.prod.internal"}
{"ts": "2026-08-30T23:31:00.000Z", "service": "payment-gateway", "level": "WARN", "error_code": "WEBHOOK_TIMEOUT", "latency_ms": 1444, "retries": 2, "request_id": "req-20260199", "host": "pgw-29.prod.internal"}
{"ts": "2026-08-30T23:20:00.000Z", "service": "payment-gateway", "level": "WARN", "error_code": "HTTP_502", "latency_ms": 1251, "retries": 0, "request_id": "req-20260200", "host": "pgw-8.prod.internal"}
{"ts": "2026-08-30T23:09:00.000Z", "service": "payment-gateway", "level": "CRITICAL", "error_code": "RETRY_EXHAUSTED", "latency_ms": 1425, "retries": 2, "request_id": "req-20260201", "host": "pgw-35.prod.internal"}
{"ts": "2026-08-30T22:58:00.000Z", "service": "payment-gateway", "level": "ERROR", "error_code": "CIRCUIT_OPEN", "latency_ms": 3631, "retries": 1, "request_id": "req-20260202", "host": "pgw-13.prod.internal"}
{"ts": "2026-08-30T22:47:00.000Z", "service": "payment-gateway", "level": "WARN", "error_code": "CIRCUIT_OPEN", "latency_ms": 3434, "retries": 3, "request_id": "req-20260203", "host": "pgw-37.prod.internal"}
{"ts": "2026-08-30T22:36:00.000Z", "service": "payment-gateway", "level": "CRITICAL", "error_code": "RETRY_EXHAUSTED", "latency_ms": 2090, "retries": 2, "request_id": "req-20260204", "host": "pgw-0.prod.internal"}
{"ts": "2026-08-30T22:25:00.000Z", "service": "payment-gateway", "level": "CRITICAL", "error_code": "RETRY_EXHAUSTED", "latency_ms": 3777, "retries": 3, "request_id": "req-20260205", "host": "pgw-39.prod.internal"}
{"ts": "2026-08-30T22:14:00.000Z", "service": "payment-gateway", "level": "CRITICAL", "error_code": "RETRY_EXHAUSTED", "latency_ms": 2348, "retries": 1, "request_id": "req-20260206", "host": "pgw-26.prod.internal"}
{"ts": "2026-08-30T22:03:00.000Z", "service": "payment-gateway", "level": "CRITICAL", "error_code": "HTTP_502", "latency_ms": 3646, "retries": 2, "request_id": "req-20260207", "host": "pgw-27.prod.internal"}
{"ts": "2026-08-30T21:52:00.000Z", "service": "payment-gateway", "level": "CRITICAL", "error_code": "HTTP_502", "latency_ms": 2836, "retries": 1, "request_id": "req-20260208", "host": "pgw-29.prod.internal"}
{"ts": "2026-08-30T21:41:00.000Z", "service": "payment-gateway", "level": "WARN", "error_code": "HTTP_502", "latency_ms": 3438, "retries": 0, "request_id": "req-20260209", "host": "pgw-35.prod.internal"}
{"ts": "2026-08-30T21:30:00.000Z", "service": "payment-gateway", "level": "ERROR", "error_code": "HTTP_502", "latency_ms": 503, "retries": 2, "request_id": "req-20260210", "host": "pgw-13.prod.internal"}
{"ts": "2026-08-30T21:19:00.000Z", "service": "payment-gateway", "level": "WARN", "error_code": "HTTP_502", "latency_ms": 2753, "retries": 1, "request_id": "req-20260211", "host": "pgw-34.prod.internal"}
{"ts": "2026-08-30T21:08:00.000Z", "service": "payment-gateway", "level": "ERROR", "error_code": "HTTP_502", "latency_ms": 2611, "retries": 2, "request_id": "req-20260212", "host": "pgw-34.prod.internal"}
{"ts": "2026-08-30T20:57:00.000Z", "service": "payment-gateway", "level": "ERROR", "error_code": "RETRY_EXHAUSTED", "latency_ms": 1151, "retries": 2, "request_id": "req-20260213", "host": "pgw-11.prod.internal"}
{"ts": "2026-08-30T20:46:00.000Z", "service": "payment-gateway", "level": "CRITICAL", "error_code": "RETRY_EXHAUSTED", "latency_ms": 4319, "retries": 2, "request_id": "req-20260214", "host": "pgw-5.prod.internal"}
{"ts": "2026-08-30T20:35:00.000Z", "service": "payment-gateway", "level": "CRITICAL", "error_code": "WEBHOOK_TIMEOUT", "latency_ms": 4041, "retries": 3, "request_id": "req-20260215", "host": "pgw-34.prod.internal"}
{"ts": "2026-08-30T20:24:00.000Z", "service": "payment-gateway", "level": "ERROR", "error_code": "CIRCUIT_OPEN", "latency_ms": 1410, "retries": 2, "request_id": "req-20260216", "host": "pgw-34.prod.internal"}
{"ts": "2026-08-30T20:13:00.000Z", "service": "payment-gateway", "level": "ERROR", "error_code": "CIRCUIT_OPEN", "latency_ms": 1553, "retries": 1, "request_id": "req-20260217", "host": "pgw-2.prod.internal"}
{"ts": "2026-08-30T20:02:00.000Z", "service": "payment-gateway", "level": "CRITICAL", "error_code": "RETRY_EXHAUSTED", "latency_ms": 1736, "retries": 3, "request_id": "req-20260218", "host": "pgw-35.prod.internal"}
{"ts": "2026-08-30T19:51:00.000Z", "service": "payment-gateway", "level": "ERROR", "error_code": "WEBHOOK_TIMEOUT", "latency_ms": 1497, "retries": 0, "request_id": "req-20260219", "host": "pgw-35.prod.internal"}
{"ts": "2026-08-30T19:40:00.000Z", "service": "payment-gateway", "level": "WARN", "error_code": "HTTP_502", "latency_ms": 1343, "retries": 0, "request_id": "req-20260220", "host": "pgw-36.prod.internal"}
{"ts": "2026-08-30T19:29:00.000Z", "service": "payment-gateway", "level": "CRITICAL", "error_code": "RETRY_EXHAUSTED", "latency_ms": 2210, "retries": 0, "request_id": "req-20260221", "host": "pgw-26.prod.internal"}
{"ts": "2026-08-30T19:18:00.000Z", "service": "payment-gateway", "level": "CRITICAL", "error_code": "WEBHOOK_TIMEOUT", "latency_ms": 1695, "retries": 1, "request_id": "req-20260222", "host": "pgw-32.prod.internal"}
{"ts": "2026-08-30T19:07:00.000Z", "service": "payment-gateway", "level": "CRITICAL", "error_code": "HTTP_502", "latency_ms": 1913, "retries": 0, "request_id": "req-20260223", "host": "pgw-33.prod.internal"}
{"ts": "2026-08-30T18:56:00.000Z", "service": "payment-gateway", "level": "CRITICAL", "error_code": "HTTP_502", "latency_ms": 3147, "retries": 0, "request_id": "req-20260224", "host": "pgw-5.prod.internal"}
{"ts": "2026-08-30T18:45:00.000Z", "service": "payment-gateway", "level": "CRITICAL", "error_code": "CIRCUIT_OPEN", "latency_ms": 650, "retries": 1, "request_id": "req-20260225", "host": "pgw-34.prod.internal"}
{"ts": "2026-08-30T18:34:00.000Z", "service": "payment-gateway", "level": "WARN", "error_code": "CIRCUIT_OPEN", "latency_ms": 2020, "retries": 3, "request_id": "req-20260226", "host": "pgw-8.prod.internal"}
{"ts": "2026-08-30T18:23:00.000Z", "service": "payment-gateway", "level": "WARN", "error_code": "HTTP_502", "latency_ms": 612, "retries": 2, "request_id": "req-20260227", "host": "pgw-32.prod.internal"}
{"ts": "2026-08-30T18:12:00.000Z", "service": "payment-gateway", "level": "CRITICAL", "error_code": "RETRY_EXHAUSTED", "latency_ms": 1285, "retries": 2, "request_id": "req-20260228", "host": "pgw-34.prod.internal"}
{"ts": "2026-08-30T18:01:00.000Z", "service": "payment-gateway", "level": "CRITICAL", "error_code": "HTTP_502", "latency_ms": 1143, "retries": 2, "request_id": "req-20260229", "host": "pgw-26.prod.internal"}
{"ts": "2026-08-30T17:50:00.000Z", "service": "payment-gateway", "level": "WARN", "error_code": "HTTP_502", "latency_ms": 2360, "retries": 3, "request_id": "req-20260230", "host": "pgw-8.prod.internal"}
{"ts": "2026-08-30T17:39:00.000Z", "service": "payment-gateway", "level": "ERROR", "error_code": "WEBHOOK_TIMEOUT", "latency_ms": 2065, "retries": 0, "request_id": "req-20260231", "host": "pgw-34.prod.internal"}
{"ts": "2026-08-30T17:28:00.000Z", "service": "payment-gateway", "level": "WARN", "error_code": "HTTP_502", "latency_ms": 575, "retries": 1, "request_id": "req-20260232", "host": "pgw-29.prod.internal"}
{"ts": "2026-08-30T17:17:00.000Z", "service": "payment-gateway", "level": "ERROR", "error_code": "WEBHOOK_TIMEOUT", "latency_ms": 1389, "retries": 0, "request_id": "req-20260233", "host": "pgw-35.prod.internal"}
{"ts": "2026-08-30T17:06:00.000Z", "service": "payment-gateway", "level": "WARN", "error_code": "WEBHOOK_TIMEOUT", "latency_ms": 2565, "retries": 3, "request_id": "req-20260234", "host": "pgw-31.prod.internal"}
{"ts": "2026-08-30T16:55:00.000Z", "service": "payment-gateway", "level": "CRITICAL", "error_code": "HTTP_502", "latency_ms": 1581, "retries": 0, "request_id": "req-20260235", "host": "pgw-3.prod.internal"}
{"ts": "2026-08-30T16:44:00.000Z", "service": "payment-gateway", "level": "ERROR", "error_code": "CIRCUIT_OPEN", "latency_ms": 3983, "retries": 2, "request_id": "req-20260236", "host": "pgw-34.prod.internal"}
{"ts": "2026-08-30T16:33:00.000Z", "service": "payment-gateway", "level": "CRITICAL", "error_code": "WEBHOOK_TIMEOUT", "latency_ms": 1360, "retries": 0, "request_id": "req-20260237", "host": "pgw-28.prod.internal"}
{"ts": "2026-08-30T16:22:00.000Z", "service": "payment-gateway", "level": "CRITICAL", "error_code": "WEBHOOK_TIMEOUT", "latency_ms": 2030, "retries": 0, "request_id": "req-20260238", "host": "pgw-15.prod.internal"}
{"ts": "2026-08-30T16:11:00.000Z", "service": "payment-gateway", "level": "ERROR", "error_code": "RETRY_EXHAUSTED", "latency_ms": 2601, "retries": 1, "request_id": "req-20260239", "host": "pgw-12.prod.internal"}
